// Jest Snapshot v1, https://goo.gl/fbAQLP

exports[`CustomBottomSheet renders correctly 1`] = `
<View
  className="mt-7"
  style={
    {
      "alignItems": "center",
      "flex": 1,
    }
  }
>
  <View
    accessibilityState={
      {
        "busy": undefined,
        "checked": undefined,
        "disabled": undefined,
        "expanded": undefined,
        "selected": undefined,
      }
    }
    accessibilityValue={
      {
        "max": undefined,
        "min": undefined,
        "now": undefined,
        "text": undefined,
      }
    }
    accessible={true}
    className="active:opacity-30 bg-[#717171] w-11/12 py-3 rounded-lg mb-5"
    collapsable={false}
    focusable={true}
    onBlur={[Function]}
    onClick={[Function]}
    onFocus={[Function]}
    onResponderGrant={[Function]}
    onResponderMove={[Function]}
    onResponderRelease={[Function]}
    onResponderTerminate={[Function]}
    onResponderTerminationRequest={[Function]}
    onStartShouldSetResponder={[Function]}
    testID="button-test"
  >
    <Text
      className="text-center  text-white text-3xl font-semibold font-koulen"
      testID="button-text"
    >
      Start Saved Workout
    </Text>
  </View>
  <View
    accessibilityState={
      {
        "busy": undefined,
        "checked": undefined,
        "disabled": undefined,
        "expanded": undefined,
        "selected": undefined,
      }
    }
    accessibilityValue={
      {
        "max": undefined,
        "min": undefined,
        "now": undefined,
        "text": undefined,
      }
    }
    accessible={true}
    className="active:opacity-30 bg-[#717171] w-11/12 py-3 rounded-lg"
    collapsable={false}
    focusable={true}
    onBlur={[Function]}
    onClick={[Function]}
    onFocus={[Function]}
    onResponderGrant={[Function]}
    onResponderMove={[Function]}
    onResponderRelease={[Function]}
    onResponderTerminate={[Function]}
    onResponderTerminationRequest={[Function]}
    onStartShouldSetResponder={[Function]}
    testID="button-test-2"
  >
    <Text
      className="text-center  text-white text-3xl font-semibold font-koulen"
      testID="button-text"
    >
      Create New Workout
    </Text>
  </View>
</View>
`;
