// Jest Snapshot v1, https://goo.gl/fbAQLP

exports[`ActionButton matches snapshot 1`] = `
[
  <View
    accessibilityState={
      {
        "busy": undefined,
        "checked": undefined,
        "disabled": undefined,
        "expanded": undefined,
        "selected": undefined,
      }
    }
    accessibilityValue={
      {
        "max": undefined,
        "min": undefined,
        "now": undefined,
        "text": undefined,
      }
    }
    accessible={true}
    collapsable={false}
    focusable={false}
    onClick={[Function]}
    onResponderGrant={[Function]}
    onResponderMove={[Function]}
    onResponderRelease={[Function]}
    onResponderTerminate={[Function]}
    onResponderTerminationRequest={[Function]}
    onStartShouldSetResponder={[Function]}
    style={
      {
        "alignItems": "center",
        "borderBottomLeftRadius": 0,
        "borderBottomRightRadius": 0,
        "height": 75,
        "justifyContent": "center",
        "opacity": 1,
      }
    }
    testID="action-button"
  >
    <Text
      className="font-koulen"
      style={
        [
          {
            "color": "#fff",
          },
          undefined,
        ]
      }
    >
      Snapshot Test
    </Text>
  </View>,
  <View
    style={
      [
        {
          "backgroundColor": "#3b3b3b",
          "height": 1,
          "width": "100%",
        },
        undefined,
      ]
    }
    testID="divider"
  />,
]
`;
