// Jest Snapshot v1, https://goo.gl/fbAQLP

exports[`Privacy Policy Page 1`] = `
<RNCSafeAreaView
  edges={
    {
      "bottom": "additive",
      "left": "additive",
      "right": "additive",
      "top": "additive",
    }
  }
>
  <Text
    style={
      {
        "padding": 30,
        "textAlign": "center",
      }
    }
  >
    PrivacyPolicy!
  </Text>
</RNCSafeAreaView>
`;
